// Jest Snapshot v1, https://goo.gl/fbAQLP

exports[`List matches snapshot 1`] = `
<div>
  <ul>
    <li>
      item 1
    </li>
    <li>
      item 2
    </li>
  </ul>
  <additembutton-stub></additembutton-stub>
</div>
`;
